[16.05.2026 21:57:48] Web arayüzünden hesap oluşturuldu.
[16.05.2026 21:57:53] Sisteme web arayüzünden giriş yapıldı.
[16.05.2026 21:58:47] YENİ NOT: AuroraVault demosu çıktı şifrelenerek kaydedildi.
[16.05.2026 21:59:18] NOT GÜNCELLENDİ: AuroraVault demosu çıktı
[16.05.2026 22:12:49] Otomatik oturum açıldı.
[16.05.2026 22:12:59] Otomatik oturum açıldı.
[16.05.2026 22:12:59] Otomatik oturum açıldı.
[17.05.2026 12:56:21] Otomatik oturum açıldı.
[17.05.2026 12:56:22] Otomatik oturum açıldı.
[17.05.2026 13:45:29] Otomatik oturum açıldı.
[17.05.2026 14:15:53] Otomatik oturum açıldı.
[17.05.2026 14:15:54] Otomatik oturum açıldı.
[17.05.2026 15:21:37] Oturum kapatıldı.
[17.05.2026 15:22:05] Sisteme web arayüzünden giriş yapıldı.
[17.05.2026 15:49:24] Oturum kapatıldı.
[17.05.2026 15:49:51] Sisteme web arayüzünden giriş yapıldı.
[17.05.2026 15:50:46] YENİ NOT: Ferhatla deneme şifrelenerek kaydedildi.
[17.05.2026 19:50:10] Otomatik oturum açıldı.
[17.05.2026 19:50:10] Otomatik oturum açıldı.
[17.05.2026 19:50:37] Oturum kapatıldı.
[17.05.2026 19:51:05] Sisteme web arayüzünden giriş yapıldı.
[17.05.2026 19:53:18] YENİ NOT: Erdemle deneme şifrelenerek kaydedildi.
[17.05.2026 21:29:06] Otomatik oturum açıldı.
[17.05.2026 21:29:06] Otomatik oturum açıldı.
[17.05.2026 21:29:06] Otomatik oturum açıldı.
[17.05.2026 21:29:46] Otomatik oturum açıldı.
[17.05.2026 21:29:54] Otomatik oturum açıldı.
[17.05.2026 21:29:54] Otomatik oturum açıldı.
[17.05.2026 21:29:55] Otomatik oturum açıldı.
[17.05.2026 21:29:55] Otomatik oturum açıldı.
[17.05.2026 21:29:56] Otomatik oturum açıldı.
[17.05.2026 21:29:56] Otomatik oturum açıldı.
[17.05.2026 21:30:09] Otomatik oturum açıldı.
[17.05.2026 21:39:46] Otomatik oturum açıldı.
[17.05.2026 21:39:46] Otomatik oturum açıldı.
